 <section id="resources-speech-to-text-parameters" class="level-3">
    <header>Request Parameters</header>
    <label>
        <span class="required form-icon"></span>
        Required Parameters
    </label>

    <div class="grid">
        <div class="grid-row">
            <div class="grid-left">
                <div class="header">Parameter</div>
            </div>
        </div>
<div class="grid-row">

0
   <div class="identifier">
        <div class="parameter">
             <span class="label">
1
             <span class="data-type">
2
             <span class="placement">
3
             </div>
            </div>
            <div class="grid-right">




accept







String







No







Specifies the format of the body of the response.

 Valid values are: 





application/json





application/xml





The default value is application/json.

 Per rfc2616: "If no Accept header field is present, then it is assumed

 that the client accepts all media types." By default our services return

 application/json.





Normal Accept header processing rules shall be followed according to rfc2616.





Note

: If there is no entity body in a normal successful response, this parameter

 can still be specified to determine the format in the case of an error

 response message.







Header



</div>

<div class="grid-row">

0
   <div class="identifier">
        <div class="parameter">
             <span class="label">
1
             <span class="data-type">
2
             <span class="placement">
3
             </div>
            </div>
            <div class="grid-right">




accept-encoding







String







No 







Specifies the accept encoding format.

 When this header is present, the gateway should compress the response to

 indicate the client that response is in compressed format.

 Valid values are: gzip







Header



</div>

<div class="grid-row">

0
   <div class="identifier">
        <div class="parameter">
             <span class="label">
1
             <span class="data-type">
2
             <span class="placement">
3
             </div>
            </div>
            <div class="grid-right">




authorization







String







Yes







Specifies the authorization type and token.

 "Bearer" + OAuth Token – access_token.

 If the authorization header is missing, the system shall return an HTTP

 400 Invalid Request message.

 If the token is invalid the system shall return an HTTP 401 Unauthorized

 message with a WWW-Authenticate HTTP header.







Header



</div>

<div class="grid-row">

0
   <div class="identifier">
        <div class="parameter">
             <span class="label">
1
             <span class="data-type">
2
             <span class="placement">
3
             </div>
            </div>
            <div class="grid-right">




content-length







Integer







No







Specifies the length of the content in octets.

 This header parameter is only required for the non-streaming request.







Header



</div>

<div class="grid-row">

0
   <div class="identifier">
        <div class="parameter">
             <span class="label">
1
             <span class="data-type">
2
             <span class="placement">
3
             </div>
            </div>
            <div class="grid-right">




content-type







String







Yes







Specifies the type of content of the body of the entity.

 Must be set to one of the following values:





application/json





application/xml







Header



</div>

<div class="grid-row">

0
   <div class="identifier">
        <div class="parameter">
             <span class="label">
1
             <span class="data-type">
2
             <span class="placement">
3
             </div>
            </div>
            <div class="grid-right">




folderId







Integer







Yes







Specifies the id of the folder where the files will be placed.







URI Path



</div>

<div class="grid-row">

0
   <div class="identifier">
        <div class="parameter">
             <span class="label">
1
             <span class="data-type">
2
             <span class="placement">
3
             </div>
            </div>
            <div class="grid-right">




fileIds







Object







Yes







Contains the file information to be added







Body



</div>

<div class="grid-row">

0
   <div class="identifier">
        <div class="parameter">
             <span class="label">
1
             <span class="data-type">
2
             <span class="placement">
3
             </div>
            </div>
            <div class="grid-right">




id







Array







Yes







Specifies the ids of the files that are to be added to the folder.







Body



</div>

<div class="grid-row">

0
   <div class="identifier">
        <div class="parameter">
             <span class="label">
1
             <span class="data-type">
2
             <span class="placement">
3
             </div>
            </div>
            <div class="grid-right">




index







Integer







No







Specifies the absolute position where you want to place the new files.

 





Default is to put at the end of the folder.







Body



</div>











status open





<div class="grid-row">

0
   <div class="identifier">
        <div class="parameter">
             <span class="label">
1
             <span class="data-type">
2
             <span class="placement">
3
             </div>
            </div>
            <div class="grid-right">




Data Type







Location







Required?



</div>

<div class="grid-row">

0
   <div class="identifier">
        <div class="parameter">
             <span class="label">
1
             <span class="data-type">
2
             <span class="placement">
3
             </div>
            </div>
            <div class="grid-right">




AnyURI





Array





Base64





Boolean





Decimal





Integer





Numeric





Object





String







Body





Header





MIME Body





Query Parameter





URI Path







No





Yes





Cond



</div>
















    </div>
</section> <section id="resources-speech-to-text-parameters" class="level-3">
    <header>Request Parameters</header>
    <label>
        <span class="required form-icon"></span>
        Required Parameters
    </label>

    <div class="grid">
        <div class="grid-row">
            <div class="grid-left">
                <div class="header">Parameter</div>
            </div>
        </div>
<div class="grid-row">

0
   <div class="identifier">
        <div class="parameter">
             <span class="label">
1
             <span class="data-type">
2
             <span class="placement">
3
             </div>
            </div>
            <div class="grid-right">




accept







String







No







Specifies the format of the body of the response.

 Valid values are: 





application/json





application/xml





The default value is application/json.

 Per rfc2616: "If no Accept header field is present, then it is assumed

 that the client accepts all media types." By default our services return

 application/json.





Normal Accept header processing rules shall be followed according to rfc2616.





Note

: If there is no entity body in a normal successful response, this parameter

 can still be specified to determine the format in the case of an error

 response message.







Header



</div>

<div class="grid-row">

0
   <div class="identifier">
        <div class="parameter">
             <span class="label">
1
             <span class="data-type">
2
             <span class="placement">
3
             </div>
            </div>
            <div class="grid-right">




accept-encoding







String







No 







Specifies the accept encoding format.

 When this header is present, the gateway should compress the response to

 indicate the client that response is in compressed format.

 Valid values are: gzip







Header



</div>

<div class="grid-row">

0
   <div class="identifier">
        <div class="parameter">
             <span class="label">
1
             <span class="data-type">
2
             <span class="placement">
3
             </div>
            </div>
            <div class="grid-right">




authorization







String







Yes







Specifies the authorization type and token.

 "Bearer" + OAuth Token – access_token.

 If the authorization header is missing, the system shall return an HTTP

 400 Invalid Request message.

 If the token is invalid the system shall return an HTTP 401 Unauthorized

 message with a WWW-Authenticate HTTP header.







Header



</div>

<div class="grid-row">

0
   <div class="identifier">
        <div class="parameter">
             <span class="label">
1
             <span class="data-type">
2
             <span class="placement">
3
             </div>
            </div>
            <div class="grid-right">




content-length







Integer







No







Specifies the length of the content in octets.

 This header parameter is only required for the non-streaming request.







Header



</div>

<div class="grid-row">

0
   <div class="identifier">
        <div class="parameter">
             <span class="label">
1
             <span class="data-type">
2
             <span class="placement">
3
             </div>
            </div>
            <div class="grid-right">




content-type







String







Yes







Specifies the type of content of the body of the entity.

 Must be set to one of the following values:





application/json





application/xml







Header



</div>

<div class="grid-row">

0
   <div class="identifier">
        <div class="parameter">
             <span class="label">
1
             <span class="data-type">
2
             <span class="placement">
3
             </div>
            </div>
            <div class="grid-right">




folderId







Integer







Yes







Specifies the id of the folder where the files will be placed.







URI Path



</div>

<div class="grid-row">

0
   <div class="identifier">
        <div class="parameter">
             <span class="label">
1
             <span class="data-type">
2
             <span class="placement">
3
             </div>
            </div>
            <div class="grid-right">




fileIds







Object







Yes







Contains the file information to be added







Body



</div>

<div class="grid-row">

0
   <div class="identifier">
        <div class="parameter">
             <span class="label">
1
             <span class="data-type">
2
             <span class="placement">
3
             </div>
            </div>
            <div class="grid-right">




id







Array







Yes







Specifies the ids of the files that are to be added to the folder.







Body



</div>

<div class="grid-row">

0
   <div class="identifier">
        <div class="parameter">
             <span class="label">
1
             <span class="data-type">
2
             <span class="placement">
3
             </div>
            </div>
            <div class="grid-right">




index







Integer







No







Specifies the absolute position where you want to place the new files.

 





Default is to put at the end of the folder.







Body



</div>











status open





<div class="grid-row">

0
   <div class="identifier">
        <div class="parameter">
             <span class="label">
1
             <span class="data-type">
2
             <span class="placement">
3
             </div>
            </div>
            <div class="grid-right">




Data Type







Location







Required?



</div>

<div class="grid-row">

0
   <div class="identifier">
        <div class="parameter">
             <span class="label">
1
             <span class="data-type">
2
             <span class="placement">
3
             </div>
            </div>
            <div class="grid-right">




AnyURI





Array





Base64





Boolean





Decimal





Integer





Numeric





Object





String







Body





Header





MIME Body





Query Parameter





URI Path







No





Yes





Cond



</div>
















    </div>
</section> <section id="resources-speech-to-text-parameters" class="level-3">
    <header>Request Parameters</header>
    <label>
        <span class="required form-icon"></span>
        Required Parameters
    </label>

    <div class="grid">
        <div class="grid-row">
            <div class="grid-left">
                <div class="header">Parameter</div>
            </div>
        </div>
<div class="grid-row">

0
   <div class="identifier">
        <div class="parameter">
             <span class="label">
1
             <span class="data-type">
2
             <span class="placement">
3
             </div>
            </div>
            <div class="grid-right">




accept







String







No







Specifies the format of the body of the response.

 Valid values are: 





application/json





application/xml





The default value is application/json.

 Per rfc2616: "If no Accept header field is present, then it is assumed

 that the client accepts all media types." By default our services return

 application/json.





Normal Accept header processing rules shall be followed according to rfc2616.





Note

: If there is no entity body in a normal successful response, this parameter

 can still be specified to determine the format in the case of an error

 response message.







Header



</div>

<div class="grid-row">

0
   <div class="identifier">
        <div class="parameter">
             <span class="label">
1
             <span class="data-type">
2
             <span class="placement">
3
             </div>
            </div>
            <div class="grid-right">




accept-encoding







String







No 







Specifies the accept encoding format.

 When this header is present, the gateway should compress the response to

 indicate the client that response is in compressed format.

 Valid values are: gzip







Header



</div>

<div class="grid-row">

0
   <div class="identifier">
        <div class="parameter">
             <span class="label">
1
             <span class="data-type">
2
             <span class="placement">
3
             </div>
            </div>
            <div class="grid-right">




authorization







String







Yes







Specifies the authorization type and token.

 "Bearer" + OAuth Token – access_token.

 If the authorization header is missing, the system shall return an HTTP

 400 Invalid Request message.

 If the token is invalid the system shall return an HTTP 401 Unauthorized

 message with a WWW-Authenticate HTTP header.







Header



</div>

<div class="grid-row">

0
   <div class="identifier">
        <div class="parameter">
             <span class="label">
1
             <span class="data-type">
2
             <span class="placement">
3
             </div>
            </div>
            <div class="grid-right">




content-length







Integer







No







Specifies the length of the content in octets.

 This header parameter is only required for the non-streaming request.







Header



</div>

<div class="grid-row">

0
   <div class="identifier">
        <div class="parameter">
             <span class="label">
1
             <span class="data-type">
2
             <span class="placement">
3
             </div>
            </div>
            <div class="grid-right">




content-type







String







Yes







Specifies the type of content of the body of the entity.

 Must be set to one of the following values:





application/json





application/xml







Header



</div>

<div class="grid-row">

0
   <div class="identifier">
        <div class="parameter">
             <span class="label">
1
             <span class="data-type">
2
             <span class="placement">
3
             </div>
            </div>
            <div class="grid-right">




folderId







Integer







Yes







Specifies the id of the folder where the files will be placed.







URI Path



</div>

<div class="grid-row">

0
   <div class="identifier">
        <div class="parameter">
             <span class="label">
1
             <span class="data-type">
2
             <span class="placement">
3
             </div>
            </div>
            <div class="grid-right">




fileIds







Object







Yes







Contains the file information to be added







Body



</div>

<div class="grid-row">

0
   <div class="identifier">
        <div class="parameter">
             <span class="label">
1
             <span class="data-type">
2
             <span class="placement">
3
             </div>
            </div>
            <div class="grid-right">




id







Array







Yes







Specifies the ids of the files that are to be added to the folder.







Body



</div>

<div class="grid-row">

0
   <div class="identifier">
        <div class="parameter">
             <span class="label">
1
             <span class="data-type">
2
             <span class="placement">
3
             </div>
            </div>
            <div class="grid-right">




index







Integer







No







Specifies the absolute position where you want to place the new files.

 





Default is to put at the end of the folder.







Body



</div>











status open





<div class="grid-row">

0
   <div class="identifier">
        <div class="parameter">
             <span class="label">
1
             <span class="data-type">
2
             <span class="placement">
3
             </div>
            </div>
            <div class="grid-right">




Data Type







Location







Required?



</div>

<div class="grid-row">

0
   <div class="identifier">
        <div class="parameter">
             <span class="label">
1
             <span class="data-type">
2
             <span class="placement">
3
             </div>
            </div>
            <div class="grid-right">




AnyURI





Array





Base64





Boolean





Decimal





Integer





Numeric





Object





String







Body





Header





MIME Body





Query Parameter





URI Path







No





Yes





Cond



</div>
















    </div>
</section> <section id="resources-speech-to-text-parameters" class="level-3">
    <header>Request Parameters</header>
    <label>
        <span class="required form-icon"></span>
        Required Parameters
    </label>

    <div class="grid">
        <div class="grid-row">
            <div class="grid-left">
                <div class="header">Parameter</div>
            </div>
        </div>
<div class="grid-row">





accept







String







No







Specifies the format of the body of the response.

 Valid values are: 





application/json





application/xml





The default value is application/json.

 Per rfc2616: "If no Accept header field is present, then it is assumed

 that the client accepts all media types." By default our services return

 application/json.





Normal Accept header processing rules shall be followed according to rfc2616.





Note

: If there is no entity body in a normal successful response, this parameter

 can still be specified to determine the format in the case of an error

 response message.







Header



</div>

<div class="grid-row">





accept-encoding







String







No 







Specifies the accept encoding format.

 When this header is present, the gateway should compress the response to

 indicate the client that response is in compressed format.

 Valid values are: gzip







Header



</div>

<div class="grid-row">





authorization







String







Yes







Specifies the authorization type and token.

 "Bearer" + OAuth Token – access_token.

 If the authorization header is missing, the system shall return an HTTP

 400 Invalid Request message.

 If the token is invalid the system shall return an HTTP 401 Unauthorized

 message with a WWW-Authenticate HTTP header.







Header



</div>

<div class="grid-row">





content-length







Integer







No







Specifies the length of the content in octets.

 This header parameter is only required for the non-streaming request.







Header



</div>

<div class="grid-row">





content-type







String







Yes







Specifies the type of content of the body of the entity.

 Must be set to one of the following values:





application/json





application/xml







Header



</div>

<div class="grid-row">





folderId







Integer







Yes







Specifies the id of the folder where the files will be placed.







URI Path



</div>

<div class="grid-row">





fileIds







Object







Yes







Contains the file information to be added







Body



</div>

<div class="grid-row">





id







Array







Yes







Specifies the ids of the files that are to be added to the folder.







Body



</div>

<div class="grid-row">





index







Integer







No







Specifies the absolute position where you want to place the new files.

 





Default is to put at the end of the folder.







Body



</div>











status open





<div class="grid-row">





Data Type







Location







Required?



</div>

<div class="grid-row">





AnyURI





Array





Base64





Boolean





Decimal





Integer





Numeric





Object





String







Body





Header





MIME Body





Query Parameter





URI Path







No





Yes





Cond



</div>
















    </div>
</section> <section id="resources-speech-to-text-parameters" class="level-3">
    <header>Request Parameters</header>
    <label>
        <span class="required form-icon"></span>
        Required Parameters
    </label>

    <div class="grid">
        <div class="grid-row">
            <div class="grid-left">
                <div class="header">Parameter</div>
            </div>
        </div>
<div class="grid-row">





accept







String







No







Specifies the format of the body of the response.

 Valid values are: 





application/json





application/xml





The default value is application/json.

 Per rfc2616: "If no Accept header field is present, then it is assumed

 that the client accepts all media types." By default our services return

 application/json.





Normal Accept header processing rules shall be followed according to rfc2616.





Note

: If there is no entity body in a normal successful response, this parameter

 can still be specified to determine the format in the case of an error

 response message.







Header



</div>

<div class="grid-row">





accept-encoding







String







No 







Specifies the accept encoding format.

 When this header is present, the gateway should compress the response to

 indicate the client that response is in compressed format.

 Valid values are: gzip







Header



</div>

<div class="grid-row">





authorization







String







Yes







Specifies the authorization type and token.

 "Bearer" + OAuth Token – access_token.

 If the authorization header is missing, the system shall return an HTTP

 400 Invalid Request message.

 If the token is invalid the system shall return an HTTP 401 Unauthorized

 message with a WWW-Authenticate HTTP header.







Header



</div>

<div class="grid-row">





content-length







Integer







No







Specifies the length of the content in octets.

 This header parameter is only required for the non-streaming request.







Header



</div>

<div class="grid-row">





content-type







String







Yes







Specifies the type of content of the body of the entity.

 Must be set to one of the following values:





application/json





application/xml







Header



</div>

<div class="grid-row">





folderId







Integer







Yes







Specifies the id of the folder where the files will be placed.







URI Path



</div>

<div class="grid-row">





fileIds







Object







Yes







Contains the file information to be added







Body



</div>

<div class="grid-row">





id







Array







Yes







Specifies the ids of the files that are to be added to the folder.







Body



</div>

<div class="grid-row">





index







Integer







No







Specifies the absolute position where you want to place the new files.

 





Default is to put at the end of the folder.







Body



</div>











status open





<div class="grid-row">





Data Type







Location







Required?



</div>

<div class="grid-row">





AnyURI





Array





Base64





Boolean





Decimal





Integer





Numeric





Object





String







Body





Header





MIME Body





Query Parameter





URI Path







No





Yes





Cond



</div>
















    </div>
</section> <section id="resources-speech-to-text-parameters" class="level-3">
    <header>Request Parameters</header>
    <label>
        <span class="required form-icon"></span>
        Required Parameters
    </label>

    <div class="grid">
        <div class="grid-row">
            <div class="grid-left">
                <div class="header">Parameter</div>
            </div>
        </div>
<div class="grid-row">





accept







String







No







Specifies the format of the body of the response.

 Valid values are: 





application/json





application/xml





The default value is application/json.

 Per rfc2616: "If no Accept header field is present, then it is assumed

 that the client accepts all media types." By default our services return

 application/json.





Normal Accept header processing rules shall be followed according to rfc2616.





Note

: If there is no entity body in a normal successful response, this parameter

 can still be specified to determine the format in the case of an error

 response message.







Header



</div>

</row>
    </div>
</section> <section id="resources-speech-to-text-parameters" class="level-3">
    <header>Request Parameters</header>
    <label>
        <span class="required form-icon"></span>
        Required Parameters
    </label>

    <div class="grid">
        <div class="grid-row">
            <div class="grid-left">
                <div class="header">Parameter</div>
            </div>
        </div>
<div class="grid-row">

</div>

<div class="grid-row">

</div>

